#
# Autogenerated by generate-bytecode-expectations.
#

---
wrap: yes

---
snippet: "
  var x = 0; return x || 3;
"
frame size: 1
parameter count: 1
bytecode array length: 7
bytecodes: [
  /*   42 S> */ B(LdaZero),
                B(Star0),
  /*   45 S> */ B(JumpIfToBooleanTrue), U8(4),
                B(LdaSmi), I8(3),
  /*   59 S> */ B(Return),
]
constant pool: [
]
handlers: [
]

---
snippet: "
  var x = 0; return (x == 1) || 3;
"
frame size: 1
parameter count: 1
bytecode array length: 12
bytecodes: [
  /*   42 S> */ B(LdaZero),
                B(Star0),
  /*   45 S> */ B(LdaSmi), I8(1),
  /*   55 E> */ B(TestEqual), R(0), U8(0),
                B(JumpIfTrue), U8(4),
                B(LdaSmi), I8(3),
  /*   66 S> */ B(Return),
]
constant pool: [
]
handlers: [
]

---
snippet: "
  var x = 0; return x && 3;
"
frame size: 1
parameter count: 1
bytecode array length: 7
bytecodes: [
  /*   42 S> */ B(LdaZero),
                B(Star0),
  /*   45 S> */ B(JumpIfToBooleanFalse), U8(4),
                B(LdaSmi), I8(3),
  /*   59 S> */ B(Return),
]
constant pool: [
]
handlers: [
]

---
snippet: "
  var x = 0; return (x == 0) && 3;
"
frame size: 1
parameter count: 1
bytecode array length: 11
bytecodes: [
  /*   42 S> */ B(LdaZero),
                B(Star0),
  /*   45 S> */ B(LdaZero),
  /*   55 E> */ B(TestEqual), R(0), U8(0),
                B(JumpIfFalse), U8(4),
                B(LdaSmi), I8(3),
  /*   66 S> */ B(Return),
]
constant pool: [
]
handlers: [
]

---
snippet: "
  var x = 0; return x || (1, 2, 3);
"
frame size: 1
parameter count: 1
bytecode array length: 7
bytecodes: [
  /*   42 S> */ B(LdaZero),
                B(Star0),
  /*   45 S> */ B(JumpIfToBooleanTrue), U8(4),
                B(LdaSmi), I8(3),
  /*   67 S> */ B(Return),
]
constant pool: [
]
handlers: [
]

---
snippet: "
  var a = 2, b = 3, c = 4; return a || (a, b, a, b, c = 5, 3);
"
frame size: 3
parameter count: 1
bytecode array length: 19
bytecodes: [
  /*   42 S> */ B(LdaSmi), I8(2),
                B(Star0),
  /*   49 S> */ B(LdaSmi), I8(3),
                B(Star1),
  /*   56 S> */ B(LdaSmi), I8(4),
                B(Star2),
  /*   59 S> */ B(Ldar), R(0),
                B(JumpIfToBooleanTrue), U8(7),
                B(LdaSmi), I8(5),
                B(Star2),
                B(LdaSmi), I8(3),
  /*   94 S> */ B(Return),
]
constant pool: [
]
handlers: [
]

---
snippet: "
  var x = 1; var a = 2, b = 3; return x || (
    a = 1, b = 2, 
    a = 1, b = 2, 
    a = 1, b = 2, 
    a = 1, b = 2, 
    a = 1, b = 2, 
    a = 1, b = 2, 
    a = 1, b = 2, 
    a = 1, b = 2, 
    a = 1, b = 2, 
    a = 1, b = 2, 
    a = 1, b = 2, 
    a = 1, b = 2, 
    a = 1, b = 2, 
    a = 1, b = 2, 
    a = 1, b = 2, 
    a = 1, b = 2, 
    a = 1, b = 2, 
    a = 1, b = 2, 
    a = 1, b = 2, 
    a = 1, b = 2, 
    a = 1, b = 2, 
    a = 1, b = 2, 
    a = 1, b = 2, 
    a = 1, b = 2, 
    a = 1, b = 2, 
    a = 1, b = 2, 
    a = 1, b = 2, 
    a = 1, b = 2, 
    a = 1, b = 2, 
    a = 1, b = 2, 
    a = 1, b = 2, 
    a = 1, b = 2, 3);
"
frame size: 3
parameter count: 1
bytecode array length: 208
bytecodes: [
  /*   42 S> */ B(LdaSmi), I8(1),
                B(Star0),
  /*   53 S> */ B(LdaSmi), I8(2),
                B(Star1),
  /*   60 S> */ B(LdaSmi), I8(3),
                B(Star2),
  /*   63 S> */ B(Ldar), R(0),
                B(JumpIfToBooleanTrue), U8(196),
                B(LdaSmi), I8(1),
                B(Star1),
                B(LdaSmi), I8(2),
                B(Star2),
                B(LdaSmi), I8(1),
                B(Star1),
                B(LdaSmi), I8(2),
                B(Star2),
                B(LdaSmi), I8(1),
                B(Star1),
                B(LdaSmi), I8(2),
                B(Star2),
                B(LdaSmi), I8(1),
                B(Star1),
                B(LdaSmi), I8(2),
                B(Star2),
                B(LdaSmi), I8(1),
                B(Star1),
                B(LdaSmi), I8(2),
                B(Star2),
                B(LdaSmi), I8(1),
                B(Star1),
                B(LdaSmi), I8(2),
                B(Star2),
                B(LdaSmi), I8(1),
                B(Star1),
                B(LdaSmi), I8(2),
                B(Star2),
                B(LdaSmi), I8(1),
                B(Star1),
                B(LdaSmi), I8(2),
                B(Star2),
                B(LdaSmi), I8(1),
                B(Star1),
                B(LdaSmi), I8(2),
                B(Star2),
                B(LdaSmi), I8(1),
                B(Star1),
                B(LdaSmi), I8(2),
                B(Star2),
                B(LdaSmi), I8(1),
                B(Star1),
                B(LdaSmi), I8(2),
                B(Star2),
                B(LdaSmi), I8(1),
                B(Star1),
                B(LdaSmi), I8(2),
                B(Star2),
                B(LdaSmi), I8(1),
                B(Star1),
                B(LdaSmi), I8(2),
                B(Star2),
                B(LdaSmi), I8(1),
                B(Star1),
                B(LdaSmi), I8(2),
                B(Star2),
                B(LdaSmi), I8(1),
                B(Star1),
                B(LdaSmi), I8(2),
                B(Star2),
                B(LdaSmi), I8(1),
                B(Star1),
                B(LdaSmi), I8(2),
                B(Star2),
                B(LdaSmi), I8(1),
                B(Star1),
                B(LdaSmi), I8(2),
                B(Star2),
                B(LdaSmi), I8(1),
                B(Star1),
                B(LdaSmi), I8(2),
                B(Star2),
                B(LdaSmi), I8(1),
                B(Star1),
                B(LdaSmi), I8(2),
                B(Star2),
                B(LdaSmi), I8(1),
                B(Star1),
                B(LdaSmi), I8(2),
                B(Star2),
                B(LdaSmi), I8(1),
                B(Star1),
                B(LdaSmi), I8(2),
                B(Star2),
                B(LdaSmi), I8(1),
                B(Star1),
                B(LdaSmi), I8(2),
                B(Star2),
                B(LdaSmi), I8(1),
                B(Star1),
                B(LdaSmi), I8(2),
                B(Star2),
                B(LdaSmi), I8(1),
                B(Star1),
                B(LdaSmi), I8(2),
                B(Star2),
                B(LdaSmi), I8(1),
                B(Star1),
                B(LdaSmi), I8(2),
                B(Star2),
                B(LdaSmi), I8(1),
                B(Star1),
                B(LdaSmi), I8(2),
                B(Star2),
                B(LdaSmi), I8(1),
                B(Star1),
                B(LdaSmi), I8(2),
                B(Star2),
                B(LdaSmi), I8(1),
                B(Star1),
                B(LdaSmi), I8(2),
                B(Star2),
                B(LdaSmi), I8(1),
                B(Star1),
                B(LdaSmi), I8(2),
                B(Star2),
                B(LdaSmi), I8(1),
                B(Star1),
                B(LdaSmi), I8(2),
                B(Star2),
                B(LdaSmi), I8(1),
                B(Star1),
                B(LdaSmi), I8(2),
                B(Star2),
                B(LdaSmi), I8(1),
                B(Star1),
                B(LdaSmi), I8(2),
                B(Star2),
                B(LdaSmi), I8(3),
  /*  623 S> */ B(Return),
]
constant pool: [
]
handlers: [
]

---
snippet: "
  var x = 0; var a = 2, b = 3; return x && (
    a = 1, b = 2, 
    a = 1, b = 2, 
    a = 1, b = 2, 
    a = 1, b = 2, 
    a = 1, b = 2, 
    a = 1, b = 2, 
    a = 1, b = 2, 
    a = 1, b = 2, 
    a = 1, b = 2, 
    a = 1, b = 2, 
    a = 1, b = 2, 
    a = 1, b = 2, 
    a = 1, b = 2, 
    a = 1, b = 2, 
    a = 1, b = 2, 
    a = 1, b = 2, 
    a = 1, b = 2, 
    a = 1, b = 2, 
    a = 1, b = 2, 
    a = 1, b = 2, 
    a = 1, b = 2, 
    a = 1, b = 2, 
    a = 1, b = 2, 
    a = 1, b = 2, 
    a = 1, b = 2, 
    a = 1, b = 2, 
    a = 1, b = 2, 
    a = 1, b = 2, 
    a = 1, b = 2, 
    a = 1, b = 2, 
    a = 1, b = 2, 
    a = 1, b = 2, 3);
"
frame size: 3
parameter count: 1
bytecode array length: 207
bytecodes: [
  /*   42 S> */ B(LdaZero),
                B(Star0),
  /*   53 S> */ B(LdaSmi), I8(2),
                B(Star1),
  /*   60 S> */ B(LdaSmi), I8(3),
                B(Star2),
  /*   63 S> */ B(Ldar), R(0),
                B(JumpIfToBooleanFalse), U8(196),
                B(LdaSmi), I8(1),
                B(Star1),
                B(LdaSmi), I8(2),
                B(Star2),
                B(LdaSmi), I8(1),
                B(Star1),
                B(LdaSmi), I8(2),
                B(Star2),
                B(LdaSmi), I8(1),
                B(Star1),
                B(LdaSmi), I8(2),
                B(Star2),
                B(LdaSmi), I8(1),
                B(Star1),
                B(LdaSmi), I8(2),
                B(Star2),
                B(LdaSmi), I8(1),
                B(Star1),
                B(LdaSmi), I8(2),
                B(Star2),
                B(LdaSmi), I8(1),
                B(Star1),
                B(LdaSmi), I8(2),
                B(Star2),
                B(LdaSmi), I8(1),
                B(Star1),
                B(LdaSmi), I8(2),
                B(Star2),
                B(LdaSmi), I8(1),
                B(Star1),
                B(LdaSmi), I8(2),
                B(Star2),
                B(LdaSmi), I8(1),
                B(Star1),
                B(LdaSmi), I8(2),
                B(Star2),
                B(LdaSmi), I8(1),
                B(Star1),
                B(LdaSmi), I8(2),
                B(Star2),
                B(LdaSmi), I8(1),
                B(Star1),
                B(LdaSmi), I8(2),
                B(Star2),
                B(LdaSmi), I8(1),
                B(Star1),
                B(LdaSmi), I8(2),
                B(Star2),
                B(LdaSmi), I8(1),
                B(Star1),
                B(LdaSmi), I8(2),
                B(Star2),
                B(LdaSmi), I8(1),
                B(Star1),
                B(LdaSmi), I8(2),
                B(Star2),
                B(LdaSmi), I8(1),
                B(Star1),
                B(LdaSmi), I8(2),
                B(Star2),
                B(LdaSmi), I8(1),
                B(Star1),
                B(LdaSmi), I8(2),
                B(Star2),
                B(LdaSmi), I8(1),
                B(Star1),
                B(LdaSmi), I8(2),
                B(Star2),
                B(LdaSmi), I8(1),
                B(Star1),
                B(LdaSmi), I8(2),
                B(Star2),
                B(LdaSmi), I8(1),
                B(Star1),
                B(LdaSmi), I8(2),
                B(Star2),
                B(LdaSmi), I8(1),
                B(Star1),
                B(LdaSmi), I8(2),
                B(Star2),
                B(LdaSmi), I8(1),
                B(Star1),
                B(LdaSmi), I8(2),
                B(Star2),
                B(LdaSmi), I8(1),
                B(Star1),
                B(LdaSmi), I8(2),
                B(Star2),
                B(LdaSmi), I8(1),
                B(Star1),
                B(LdaSmi), I8(2),
                B(Star2),
                B(LdaSmi), I8(1),
                B(Star1),
                B(LdaSmi), I8(2),
                B(Star2),
                B(LdaSmi), I8(1),
                B(Star1),
                B(LdaSmi), I8(2),
                B(Star2),
                B(LdaSmi), I8(1),
                B(Star1),
                B(LdaSmi), I8(2),
                B(Star2),
                B(LdaSmi), I8(1),
                B(Star1),
                B(LdaSmi), I8(2),
                B(Star2),
                B(LdaSmi), I8(1),
                B(Star1),
                B(LdaSmi), I8(2),
                B(Star2),
                B(LdaSmi), I8(1),
                B(Star1),
                B(LdaSmi), I8(2),
                B(Star2),
                B(LdaSmi), I8(1),
                B(Star1),
                B(LdaSmi), I8(2),
                B(Star2),
                B(LdaSmi), I8(1),
                B(Star1),
                B(LdaSmi), I8(2),
                B(Star2),
                B(LdaSmi), I8(1),
                B(Star1),
                B(LdaSmi), I8(2),
                B(Star2),
                B(LdaSmi), I8(3),
  /*  623 S> */ B(Return),
]
constant pool: [
]
handlers: [
]

---
snippet: "
  var x = 1; var a = 2, b = 3; return (x > 3) || (
    a = 1, b = 2, 
    a = 1, b = 2, 
    a = 1, b = 2, 
    a = 1, b = 2, 
    a = 1, b = 2, 
    a = 1, b = 2, 
    a = 1, b = 2, 
    a = 1, b = 2, 
    a = 1, b = 2, 
    a = 1, b = 2, 
    a = 1, b = 2, 
    a = 1, b = 2, 
    a = 1, b = 2, 
    a = 1, b = 2, 
    a = 1, b = 2, 
    a = 1, b = 2, 
    a = 1, b = 2, 
    a = 1, b = 2, 
    a = 1, b = 2, 
    a = 1, b = 2, 
    a = 1, b = 2, 
    a = 1, b = 2, 
    a = 1, b = 2, 
    a = 1, b = 2, 
    a = 1, b = 2, 
    a = 1, b = 2, 
    a = 1, b = 2, 
    a = 1, b = 2, 
    a = 1, b = 2, 
    a = 1, b = 2, 
    a = 1, b = 2, 
    a = 1, b = 2, 3);
"
frame size: 3
parameter count: 1
bytecode array length: 211
bytecodes: [
  /*   42 S> */ B(LdaSmi), I8(1),
                B(Star0),
  /*   53 S> */ B(LdaSmi), I8(2),
                B(Star1),
  /*   60 S> */ B(LdaSmi), I8(3),
                B(Star2),
  /*   63 S> */ B(LdaSmi), I8(3),
  /*   73 E> */ B(TestGreaterThan), R(0), U8(0),
                B(JumpIfTrue), U8(196),
                B(LdaSmi), I8(1),
                B(Star1),
                B(LdaSmi), I8(2),
                B(Star2),
                B(LdaSmi), I8(1),
                B(Star1),
                B(LdaSmi), I8(2),
                B(Star2),
                B(LdaSmi), I8(1),
                B(Star1),
                B(LdaSmi), I8(2),
                B(Star2),
                B(LdaSmi), I8(1),
                B(Star1),
                B(LdaSmi), I8(2),
                B(Star2),
                B(LdaSmi), I8(1),
                B(Star1),
                B(LdaSmi), I8(2),
                B(Star2),
                B(LdaSmi), I8(1),
                B(Star1),
                B(LdaSmi), I8(2),
                B(Star2),
                B(LdaSmi), I8(1),
                B(Star1),
                B(LdaSmi), I8(2),
                B(Star2),
                B(LdaSmi), I8(1),
                B(Star1),
                B(LdaSmi), I8(2),
                B(Star2),
                B(LdaSmi), I8(1),
                B(Star1),
                B(LdaSmi), I8(2),
                B(Star2),
                B(LdaSmi), I8(1),
                B(Star1),
                B(LdaSmi), I8(2),
                B(Star2),
                B(LdaSmi), I8(1),
                B(Star1),
                B(LdaSmi), I8(2),
                B(Star2),
                B(LdaSmi), I8(1),
                B(Star1),
                B(LdaSmi), I8(2),
                B(Star2),
                B(LdaSmi), I8(1),
                B(Star1),
                B(LdaSmi), I8(2),
                B(Star2),
                B(LdaSmi), I8(1),
                B(Star1),
                B(LdaSmi), I8(2),
                B(Star2),
                B(LdaSmi), I8(1),
                B(Star1),
                B(LdaSmi), I8(2),
                B(Star2),
                B(LdaSmi), I8(1),
                B(Star1),
                B(LdaSmi), I8(2),
                B(Star2),
                B(LdaSmi), I8(1),
                B(Star1),
                B(LdaSmi), I8(2),
                B(Star2),
                B(LdaSmi), I8(1),
                B(Star1),
                B(LdaSmi), I8(2),
                B(Star2),
                B(LdaSmi), I8(1),
                B(Star1),
                B(LdaSmi), I8(2),
                B(Star2),
                B(LdaSmi), I8(1),
                B(Star1),
                B(LdaSmi), I8(2),
                B(Star2),
                B(LdaSmi), I8(1),
                B(Star1),
                B(LdaSmi), I8(2),
                B(Star2),
                B(LdaSmi), I8(1),
                B(Star1),
                B(LdaSmi), I8(2),
                B(Star2),
                B(LdaSmi), I8(1),
                B(Star1),
                B(LdaSmi), I8(2),
                B(Star2),
                B(LdaSmi), I8(1),
                B(Star1),
                B(LdaSmi), I8(2),
                B(Star2),
                B(LdaSmi), I8(1),
                B(Star1),
                B(LdaSmi), I8(2),
                B(Star2),
                B(LdaSmi), I8(1),
                B(Star1),
                B(LdaSmi), I8(2),
                B(Star2),
                B(LdaSmi), I8(1),
                B(Star1),
                B(LdaSmi), I8(2),
                B(Star2),
                B(LdaSmi), I8(1),
                B(Star1),
                B(LdaSmi), I8(2),
                B(Star2),
                B(LdaSmi), I8(1),
                B(Star1),
                B(LdaSmi), I8(2),
                B(Star2),
                B(LdaSmi), I8(1),
                B(Star1),
                B(LdaSmi), I8(2),
                B(Star2),
                B(LdaSmi), I8(1),
                B(Star1),
                B(LdaSmi), I8(2),
                B(Star2),
                B(LdaSmi), I8(1),
                B(Star1),
                B(LdaSmi), I8(2),
                B(Star2),
                B(LdaSmi), I8(3),
  /*  629 S> */ B(Return),
]
constant pool: [
]
handlers: [
]

---
snippet: "
  var x = 0; var a = 2, b = 3; return (x < 5) && (
    a = 1, b = 2, 
    a = 1, b = 2, 
    a = 1, b = 2, 
    a = 1, b = 2, 
    a = 1, b = 2, 
    a = 1, b = 2, 
    a = 1, b = 2, 
    a = 1, b = 2, 
    a = 1, b = 2, 
    a = 1, b = 2, 
    a = 1, b = 2, 
    a = 1, b = 2, 
    a = 1, b = 2, 
    a = 1, b = 2, 
    a = 1, b = 2, 
    a = 1, b = 2, 
    a = 1, b = 2, 
    a = 1, b = 2, 
    a = 1, b = 2, 
    a = 1, b = 2, 
    a = 1, b = 2, 
    a = 1, b = 2, 
    a = 1, b = 2, 
    a = 1, b = 2, 
    a = 1, b = 2, 
    a = 1, b = 2, 
    a = 1, b = 2, 
    a = 1, b = 2, 
    a = 1, b = 2, 
    a = 1, b = 2, 
    a = 1, b = 2, 
    a = 1, b = 2, 3);
"
frame size: 3
parameter count: 1
bytecode array length: 210
bytecodes: [
  /*   42 S> */ B(LdaZero),
                B(Star0),
  /*   53 S> */ B(LdaSmi), I8(2),
                B(Star1),
  /*   60 S> */ B(LdaSmi), I8(3),
                B(Star2),
  /*   63 S> */ B(LdaSmi), I8(5),
  /*   73 E> */ B(TestLessThan), R(0), U8(0),
                B(JumpIfFalse), U8(196),
                B(LdaSmi), I8(1),
                B(Star1),
                B(LdaSmi), I8(2),
                B(Star2),
                B(LdaSmi), I8(1),
                B(Star1),
                B(LdaSmi), I8(2),
                B(Star2),
                B(LdaSmi), I8(1),
                B(Star1),
                B(LdaSmi), I8(2),
                B(Star2),
                B(LdaSmi), I8(1),
                B(Star1),
                B(LdaSmi), I8(2),
                B(Star2),
                B(LdaSmi), I8(1),
                B(Star1),
                B(LdaSmi), I8(2),
                B(Star2),
                B(LdaSmi), I8(1),
                B(Star1),
                B(LdaSmi), I8(2),
                B(Star2),
                B(LdaSmi), I8(1),
                B(Star1),
                B(LdaSmi), I8(2),
                B(Star2),
                B(LdaSmi), I8(1),
                B(Star1),
                B(LdaSmi), I8(2),
                B(Star2),
                B(LdaSmi), I8(1),
                B(Star1),
                B(LdaSmi), I8(2),
                B(Star2),
                B(LdaSmi), I8(1),
                B(Star1),
                B(LdaSmi), I8(2),
                B(Star2),
                B(LdaSmi), I8(1),
                B(Star1),
                B(LdaSmi), I8(2),
                B(Star2),
                B(LdaSmi), I8(1),
                B(Star1),
                B(LdaSmi), I8(2),
                B(Star2),
                B(LdaSmi), I8(1),
                B(Star1),
                B(LdaSmi), I8(2),
                B(Star2),
                B(LdaSmi), I8(1),
                B(Star1),
                B(LdaSmi), I8(2),
                B(Star2),
                B(LdaSmi), I8(1),
                B(Star1),
                B(LdaSmi), I8(2),
                B(Star2),
                B(LdaSmi), I8(1),
                B(Star1),
                B(LdaSmi), I8(2),
                B(Star2),
                B(LdaSmi), I8(1),
                B(Star1),
                B(LdaSmi), I8(2),
                B(Star2),
                B(LdaSmi), I8(1),
                B(Star1),
                B(LdaSmi), I8(2),
                B(Star2),
                B(LdaSmi), I8(1),
                B(Star1),
                B(LdaSmi), I8(2),
                B(Star2),
                B(LdaSmi), I8(1),
                B(Star1),
                B(LdaSmi), I8(2),
                B(Star2),
                B(LdaSmi), I8(1),
                B(Star1),
                B(LdaSmi), I8(2),
                B(Star2),
                B(LdaSmi), I8(1),
                B(Star1),
                B(LdaSmi), I8(2),
                B(Star2),
                B(LdaSmi), I8(1),
                B(Star1),
                B(LdaSmi), I8(2),
                B(Star2),
                B(LdaSmi), I8(1),
                B(Star1),
                B(LdaSmi), I8(2),
                B(Star2),
                B(LdaSmi), I8(1),
                B(Star1),
                B(LdaSmi), I8(2),
                B(Star2),
                B(LdaSmi), I8(1),
                B(Star1),
                B(LdaSmi), I8(2),
                B(Star2),
                B(LdaSmi), I8(1),
                B(Star1),
                B(LdaSmi), I8(2),
                B(Star2),
                B(LdaSmi), I8(1),
                B(Star1),
                B(LdaSmi), I8(2),
                B(Star2),
                B(LdaSmi), I8(1),
                B(Star1),
                B(LdaSmi), I8(2),
                B(Star2),
                B(LdaSmi), I8(1),
                B(Star1),
                B(LdaSmi), I8(2),
                B(Star2),
                B(LdaSmi), I8(1),
                B(Star1),
                B(LdaSmi), I8(2),
                B(Star2),
                B(LdaSmi), I8(1),
                B(Star1),
                B(LdaSmi), I8(2),
                B(Star2),
                B(LdaSmi), I8(3),
  /*  629 S> */ B(Return),
]
constant pool: [
]
handlers: [
]

---
snippet: "
  return 0 && 3;
"
frame size: 0
parameter count: 1
bytecode array length: 2
bytecodes: [
  /*   34 S> */ B(LdaZero),
  /*   48 S> */ B(Return),
]
constant pool: [
]
handlers: [
]

---
snippet: "
  return 1 || 3;
"
frame size: 0
parameter count: 1
bytecode array length: 3
bytecodes: [
  /*   34 S> */ B(LdaSmi), I8(1),
  /*   48 S> */ B(Return),
]
constant pool: [
]
handlers: [
]

---
snippet: "
  var x = 1; return x && 3 || 0, 1;
"
frame size: 1
parameter count: 1
bytecode array length: 13
bytecodes: [
  /*   42 S> */ B(LdaSmi), I8(1),
                B(Star0),
  /*   45 S> */ B(JumpIfToBooleanFalse), U8(4),
                B(LdaSmi), I8(3),
                B(JumpIfToBooleanTrue), U8(3),
                B(LdaZero),
                B(LdaSmi), I8(1),
  /*   67 S> */ B(Return),
]
constant pool: [
]
handlers: [
]

