undefined:1: SyntaxError: Unexpected token / in JSON at position 0
// Copyright 2021 the V8 project authors. All rights reserved.
^
SyntaxError: Unexpected token / in JSON at position 0