wasm-function[0]:0x22: RuntimeError: unreachable
RuntimeError: unreachable
    at test-module.main (<anonymous>:wasm-function[0]:0x22)
    at *%(basename)s:{NUMBER}:31
