wasm-function[0]:0x22: RuntimeError: unreachable
RuntimeError: unreachable
    at <anonymous>:wasm-function[0]:0x22
    at *%(basename)s:{NUMBER}:31
