RuntimeError: unreachable
    at test-module.main (<anonymous>:wasm-function[0]:0x22)
    at *%(basename)s:{NUMBER}:27
    at test/mjsunit/mjsunit.js:*
