RuntimeError: unreachable
    at test-module.main (<anonymous>:wasm-function[0]:0x22)
    at test/message/wasm-module-name-async.js:{NUMBER}:27
    at test/mjsunit/mjsunit.js:*
