RuntimeError: unreachable
    at main (<anonymous>:wasm-function[0]:0x22)
    at test/message/wasm-function-name-async.js:{NUMBER}:27
    at test/mjsunit/mjsunit.js:*
